  Determining projects to restore...
  All projects are up-to-date for restore.
  EduZasAPI.Domain -> /home/rubenor/workspace/EduZasAPI/src/EduZasAPI.Domain/bin/Debug/net9.0/EduZasAPI.Domain.dll
  EduZasAPI.Application -> /home/rubenor/workspace/EduZasAPI/src/EduZasAPI.Application/bin/Debug/net9.0/EduZasAPI.Application.dll
  EduZasAPI.Infraestructure.FluentValidation -> /home/rubenor/workspace/EduZasAPI/src/EduZasAPI.Infraestructure/EduZasAPI.Infraestructure.FluentValidation/bin/Debug/net9.0/EduZasAPI.Infraestructure.FluentValidation.dll
  EduZasAPI.Infraestructure.EntityFramework -> /home/rubenor/workspace/EduZasAPI/src/EduZasAPI.Infraestructure/EduZasAPI.Infraestructure.EntityFramework/bin/Debug/net9.0/EduZasAPI.Infraestructure.EntityFramework.dll
  EduZasAPI.Infraestructure.FluentValidator.Tests -> /home/rubenor/workspace/EduZasAPI/tests/EduZasAPI.Infraestructure/EduZasAPI.Infraestructure.FluentValidator.Tests/bin/Debug/net9.0/EduZasAPI.Infraestructure.FluentValidator.Tests.dll
  EduZasAPI.Infraestructure.EntityFramework.Tests -> /home/rubenor/workspace/EduZasAPI/tests/EduZasAPI.Infraestructure/EduZasAPI.Infraestructure.EntityFramework.Tests/bin/Debug/net9.0/EduZasAPI.Infraestructure.EntityFramework.Tests.dll
Test run for /home/rubenor/workspace/EduZasAPI/tests/EduZasAPI.Infraestructure/EduZasAPI.Infraestructure.FluentValidator.Tests/bin/Debug/net9.0/EduZasAPI.Infraestructure.FluentValidator.Tests.dll (.NETCoreApp,Version=v9.0)
Test run for /home/rubenor/workspace/EduZasAPI/tests/EduZasAPI.Infraestructure/EduZasAPI.Infraestructure.EntityFramework.Tests/bin/Debug/net9.0/EduZasAPI.Infraestructure.EntityFramework.Tests.dll (.NETCoreApp,Version=v9.0)
VSTest version 17.12.0 (x64)

VSTest version 17.12.0 (x64)

Starting test execution, please wait...
Starting test execution, please wait...
A total of 1 test files matched the specified pattern.
A total of 1 test files matched the specified pattern.

Passed!  - Failed:     0, Passed:     5, Skipped:     0, Total:     5, Duration: 136 ms - EduZasAPI.Infraestructure.FluentValidator.Tests.dll (net9.0)
  Failed EduZasAPI.Test.Infraestructure.Application.Ports.DAOs.UserEntityFrameworkRepositoryTest.Search_ByCriteria_ReturnsExpected(criteria: UserCriteriaDTO { Active = NoneOptional { IsNone = True, IsSome = False }, CreatedAt = NoneOptional { IsNone = True, IsSome = False }, Email = NoneOptional { IsNone = True, IsSome = False }, FatherLastName = NoneOptional { IsNone = True, IsSome = False }, FirstName = NoneOptional { IsNone = True, IsSome = False }, ··· }, expectedCount: 4) [385 ms]
  Error Message:
   Assert.Equal() Failure: Values differ
Expected: 4
Actual:   1
  Stack Trace:
     at EduZasAPI.Test.Infraestructure.Application.Ports.DAOs.UserEntityFrameworkRepositoryTest.Search_ByCriteria_ReturnsExpected(UserCriteriaDTO criteria, Int32 expectedCount) in /home/rubenor/workspace/EduZasAPI/tests/EduZasAPI.Infraestructure/EduZasAPI.Infraestructure.EntityFramework.Tests/Application/Ports/DAOs/UserEntityFrameworkRepositoryTest.cs:line 288
--- End of stack trace from previous location ---
  Failed EduZasAPI.Test.Infraestructure.Application.Ports.DAOs.UserEntityFrameworkRepositoryTest.Search_ByCriteria_ReturnsExpected(criteria: UserCriteriaDTO { Active = SomeOptional { IsNone = False, IsSome = True }, CreatedAt = NoneOptional { IsNone = True, IsSome = False }, Email = NoneOptional { IsNone = True, IsSome = False }, FatherLastName = NoneOptional { IsNone = True, IsSome = False }, FirstName = NoneOptional { IsNone = True, IsSome = False }, ··· }, expectedCount: 3) [56 ms]
  Error Message:
   Assert.Equal() Failure: Values differ
Expected: 3
Actual:   0
  Stack Trace:
     at EduZasAPI.Test.Infraestructure.Application.Ports.DAOs.UserEntityFrameworkRepositoryTest.Search_ByCriteria_ReturnsExpected(UserCriteriaDTO criteria, Int32 expectedCount) in /home/rubenor/workspace/EduZasAPI/tests/EduZasAPI.Infraestructure/EduZasAPI.Infraestructure.EntityFramework.Tests/Application/Ports/DAOs/UserEntityFrameworkRepositoryTest.cs:line 288
--- End of stack trace from previous location ---
  Failed EduZasAPI.Test.Infraestructure.Application.Ports.DAOs.UserEntityFrameworkRepositoryTest.Search_ByCriteria_ReturnsExpected(criteria: UserCriteriaDTO { Active = NoneOptional { IsNone = True, IsSome = False }, CreatedAt = NoneOptional { IsNone = True, IsSome = False }, Email = NoneOptional { IsNone = True, IsSome = False }, FatherLastName = NoneOptional { IsNone = True, IsSome = False }, FirstName = SomeOptional { IsNone = False, IsSome = True }, ··· }, expectedCount: 1) [21 ms]
  Error Message:
   Assert.Equal() Failure: Values differ
Expected: 1
Actual:   0
  Stack Trace:
     at EduZasAPI.Test.Infraestructure.Application.Ports.DAOs.UserEntityFrameworkRepositoryTest.Search_ByCriteria_ReturnsExpected(UserCriteriaDTO criteria, Int32 expectedCount) in /home/rubenor/workspace/EduZasAPI/tests/EduZasAPI.Infraestructure/EduZasAPI.Infraestructure.EntityFramework.Tests/Application/Ports/DAOs/UserEntityFrameworkRepositoryTest.cs:line 288
--- End of stack trace from previous location ---
  Failed EduZasAPI.Test.Infraestructure.Application.Ports.DAOs.UserEntityFrameworkRepositoryTest.Search_ByCriteria_ReturnsExpected(criteria: UserCriteriaDTO { Active = NoneOptional { IsNone = True, IsSome = False }, CreatedAt = NoneOptional { IsNone = True, IsSome = False }, Email = NoneOptional { IsNone = True, IsSome = False }, FatherLastName = NoneOptional { IsNone = True, IsSome = False }, FirstName = SomeOptional { IsNone = False, IsSome = True }, ··· }, expectedCount: 2) [65 ms]
  Error Message:
   Assert.Equal() Failure: Values differ
Expected: 2
Actual:   0
  Stack Trace:
     at EduZasAPI.Test.Infraestructure.Application.Ports.DAOs.UserEntityFrameworkRepositoryTest.Search_ByCriteria_ReturnsExpected(UserCriteriaDTO criteria, Int32 expectedCount) in /home/rubenor/workspace/EduZasAPI/tests/EduZasAPI.Infraestructure/EduZasAPI.Infraestructure.EntityFramework.Tests/Application/Ports/DAOs/UserEntityFrameworkRepositoryTest.cs:line 288
--- End of stack trace from previous location ---
  Failed EduZasAPI.Test.Infraestructure.Application.Ports.DAOs.UserEntityFrameworkRepositoryTest.Search_ByCriteria_ReturnsExpected(criteria: UserCriteriaDTO { Active = SomeOptional { IsNone = False, IsSome = True }, CreatedAt = NoneOptional { IsNone = True, IsSome = False }, Email = NoneOptional { IsNone = True, IsSome = False }, FatherLastName = NoneOptional { IsNone = True, IsSome = False }, FirstName = SomeOptional { IsNone = False, IsSome = True }, ··· }, expectedCount: 2) [20 ms]
  Error Message:
   Assert.Equal() Failure: Values differ
Expected: 2
Actual:   0
  Stack Trace:
     at EduZasAPI.Test.Infraestructure.Application.Ports.DAOs.UserEntityFrameworkRepositoryTest.Search_ByCriteria_ReturnsExpected(UserCriteriaDTO criteria, Int32 expectedCount) in /home/rubenor/workspace/EduZasAPI/tests/EduZasAPI.Infraestructure/EduZasAPI.Infraestructure.EntityFramework.Tests/Application/Ports/DAOs/UserEntityFrameworkRepositoryTest.cs:line 288
--- End of stack trace from previous location ---

Failed!  - Failed:     5, Passed:     6, Skipped:     0, Total:    11, Duration: 6 s - EduZasAPI.Infraestructure.EntityFramework.Tests.dll (net9.0)
